      23.58      0.00      0.00    -66.62      0.00      0.00
      76.31      0.00      0.00    -33.88      0.00      0.00
      62.25      0.00      0.00    -90.75      0.00      0.00
       2.78      0.00      0.00     16.13      0.00      0.00
      -5.15      0.00      0.00     -7.74      0.00      0.00
      37.71      0.00      0.00    -50.67      0.00      0.00
    -129.73      0.00      0.00   -141.08      0.00      0.00
       5.70      0.00      0.00    -24.94      0.00      0.00
      24.32      0.00      0.00    -68.35      0.00      0.00
      90.77      0.00      0.00   -132.60      0.00      0.00
      -3.47     -2.69      1.78     -8.45      0.25     -0.31
      -6.82     -3.02     -1.24      9.08     -0.93      0.27
     -14.19     -0.22     -0.60      4.24     -0.89     -0.22
      12.27      3.68      1.54     21.31     -1.55      0.08
       1.38      0.18      0.00      7.15     -1.09      3.36
     -13.39      0.71     -0.74    -22.08     -2.07    -63.90
      -0.02      0.00      0.44    -65.97      0.00    -23.50
      -0.68      0.00     -0.21     75.78      0.00     46.29
      -0.45      0.00      0.00     -3.81      0.00      1.74
       0.00      0.00      0.00      1.74      0.00      1.74


 DAY           172          81         172         172         172
 UT         29000.      29000.      75000.      29000.      29000.
 ALT          400.        400.        400.        200.        400.
 LAT           60.         60.         60.         60.          0.
 LONG         -70.        -70.        -70.        -70.        -70.
 LST           16.         16.         16.         16.         16.
 F107A        150.        150.        150.        150.        150.
 F107         150.        150.        150.        150.        150.
 AP             4.          4.          4.          4.          4.

 MERID       23.58       76.31       62.25        2.78       -5.15
 ZONAL      -66.62      -33.88      -90.75       16.13       -7.74


 DAY           172         172         172         172         172
 UT         29000.      29000.      29000.      29000.      29000.
 ALT          400.        400.        400.        400.        400.
 LAT           60.         60.         60.         60.         60.
 LONG           0.        -70.        -70.        -70.        -70.
 LST           16.          4.         16.         16.         16.
 F107A        150.        150.         70.        150.        150.
 F107         150.        150.        150.        180.        150.
 AP             4.          4.          4.          4.         40.

 MERID       37.71     -129.73        5.70       24.32       90.77
 ZONAL      -50.67     -141.08      -24.94      -68.35     -132.60


 DAY            81          81          81         182         182
 UT         29000.      29000.      29000.      29000.      29000.
 ALT          100.        100.        100.        100.        100.
 LAT           45.         45.         45.         45.          0.
 LONG           0.          0.          0.          0.          0.
 LST            0.          6.          9.         12.          0.
 F107A        150.        150.        150.        150.        150.
 F107         150.        150.        150.        150.        150.
 AP             4.         40.          4.          4.          4.

 MERID       -3.47       -6.82      -14.19       12.27        1.38
 ZONAL       -8.45        9.08        4.24       21.31        7.15


 DAY           182         182         182         182         182
 UT         29000.      29000.      29000.      29000.      29000.
 ALT           80.         60.         40.         20.          0.
 LAT           45.         45.        -45.         45.         45.
 LONG          90.         90.          0.        -90.        -90.
 LST            0.          0.          0.          0.          0.
 F107A        150.        150.        150.        150.        150.
 F107         150.        150.        150.        150.        150.
 AP             4.          4.          4.          4.          4.

 MERID      -13.39       -0.02       -0.68       -0.45        0.00
 ZONAL      -22.08      -65.97       75.78       -3.81        1.74
